
> insureai@0.0.0 build
> tsc -b && vite build

tsconfig.node.json(9,35): error TS5096: Option 'allowImportingTsExtensions' can only be used when one of 'noEmit', 'emitDeclarationOnly', or 'rewriteRelativeImportExtensions' is set.
src/features/admin/AdminClaims.tsx(94,92): error TS2352: Conversion of type 'Policy | undefined' to type 'Record<string, string>' may be a mistake because neither type sufficiently overlaps with the other. If this was intentional, convert the expression to 'unknown' first.
  Type 'Policy' is not comparable to type 'Record<string, string>'.
    Index signature for type 'string' is missing in type 'Policy'.
src/features/admin/AdminReports.tsx(55,74): error TS2322: Type '(v: number) => [string, string]' is not assignable to type 'Formatter<ValueType, NameType> & ((value: ValueType, name: NameType, item: TooltipPayloadEntry, index: number, payload: TooltipPayload) => ReactNode | [...])'.
  Type '(v: number) => [string, string]' is not assignable to type 'Formatter<ValueType, NameType>'.
    Types of parameters 'v' and 'value' are incompatible.
      Type 'ValueType | undefined' is not assignable to type 'number'.
        Type 'undefined' is not assignable to type 'number'.
src/features/admin/AdminUsers.tsx(25,62): error TS2345: Argument of type '{ role: UserRole; }' is not assignable to parameter of type 'never'.
src/features/ai-assistant/AIAssistantWidget.tsx(132,11): error TS2353: Object literal may only specify known properties, and 'id' does not exist in type 'never[]'.
src/features/claims/CreateClaimPage.tsx(52,50): error TS2339: Property 'status' does not exist on type 'never'.
src/features/claims/CreateClaimPage.tsx(93,34): error TS2339: Property 'id' does not exist on type 'never'.
src/features/comparisons/ComparisonPage.tsx(168,38): error TS2352: Conversion of type 'ComparisonItem' to type 'Record<string, number>' may be a mistake because neither type sufficiently overlaps with the other. If this was intentional, convert the expression to 'unknown' first.
  Index signature for type 'string' is missing in type 'ComparisonItem'.
src/features/dashboard/DashboardPage.tsx(228,17): error TS2322: Type '(v: number) => [string, string]' is not assignable to type 'Formatter<ValueType, NameType> & ((value: ValueType, name: NameType, item: TooltipPayloadEntry, index: number, payload: TooltipPayload) => ReactNode | [...])'.
  Type '(v: number) => [string, string]' is not assignable to type 'Formatter<ValueType, NameType>'.
    Types of parameters 'v' and 'value' are incompatible.
      Type 'ValueType | undefined' is not assignable to type 'number'.
        Type 'undefined' is not assignable to type 'number'.
src/features/dashboard/DashboardPage.tsx(248,17): error TS2322: Type '(v: number) => [string, string]' is not assignable to type 'Formatter<ValueType, NameType> & ((value: ValueType, name: NameType, item: TooltipPayloadEntry, index: number, payload: TooltipPayload) => ReactNode | [...])'.
  Type '(v: number) => [string, string]' is not assignable to type 'Formatter<ValueType, NameType>'.
    Types of parameters 'v' and 'value' are incompatible.
      Type 'ValueType | undefined' is not assignable to type 'number'.
        Type 'undefined' is not assignable to type 'number'.
src/features/risk-analysis/RiskAnalysisPage.tsx(240,79): error TS2322: Type '(v: number) => [string, string]' is not assignable to type 'Formatter<ValueType, NameType> & ((value: ValueType, name: NameType, item: TooltipPayloadEntry, index: number, payload: TooltipPayload) => ReactNode | [...])'.
  Type '(v: number) => [string, string]' is not assignable to type 'Formatter<ValueType, NameType>'.
    Types of parameters 'v' and 'value' are incompatible.
      Type 'ValueType | undefined' is not assignable to type 'number'.
        Type 'undefined' is not assignable to type 'number'.
src/services/index.ts(36,15): error TS2345: Argument of type 'Partial<Policy>' is not assignable to parameter of type 'never[]'.
  Type 'Partial<Policy>' is missing the following properties from type 'never[]': length, pop, push, concat, and 28 more.
src/services/index.ts(46,15): error TS2345: Argument of type '{ updated_at: string; id?: string | undefined; user_id?: string | undefined; provider_id?: string | undefined; provider?: InsuranceProvider | undefined; policy_number?: string | undefined; ... 14 more ...; created_at?: string | undefined; }' is not assignable to parameter of type 'never'.
src/services/index.ts(79,9): error TS2353: Object literal may only specify known properties, and 'policy_id' does not exist in type 'never[]'.
src/services/index.ts(143,27): error TS2353: Object literal may only specify known properties, and 'claim_number' does not exist in type 'never[]'.
src/services/index.ts(153,15): error TS2345: Argument of type '{ status: ClaimStatus; updated_at: string; }' is not assignable to parameter of type 'never'.
src/services/index.ts(160,9): error TS2353: Object literal may only specify known properties, and 'claim_id' does not exist in type 'never[]'.
src/services/index.ts(185,9): error TS2353: Object literal may only specify known properties, and 'claim_id' does not exist in type 'never[]'.
src/services/index.ts(222,15): error TS2345: Argument of type 'Partial<InsuranceProvider>' is not assignable to parameter of type 'never[]'.
  Type 'Partial<InsuranceProvider>' is missing the following properties from type 'never[]': length, pop, push, concat, and 28 more.
src/services/index.ts(232,15): error TS2345: Argument of type 'Partial<InsuranceProvider>' is not assignable to parameter of type 'never'.
src/services/index.ts(245,15): error TS2345: Argument of type 'Partial<Notification>' is not assignable to parameter of type 'never[]'.
  Type 'Partial<Notification>' is missing the following properties from type 'never[]': length, pop, push, concat, and 28 more.
src/services/index.ts(277,51): error TS2339: Property 'status' does not exist on type 'never'.
src/services/index.ts(282,34): error TS2339: Property 'end_date' does not exist on type 'never'.
src/services/index.ts(287,48): error TS2339: Property 'status' does not exist on type 'never'.
src/services/index.ts(290,70): error TS2339: Property 'coverage_amount' does not exist on type 'never'.
src/services/index.ts(291,69): error TS2339: Property 'premium_amount' does not exist on type 'never'.
src/store/authStore.ts(149,19): error TS2345: Argument of type '{ updated_at: string; id?: string | undefined; user_id?: string | undefined; full_name?: string | undefined; email?: string | undefined; phone?: string | undefined; date_of_birth?: string | undefined; gender?: "male" | "female" | "other" | undefined; ... 7 more ...; created_at?: string | undefined; }' is not assignable to parameter of type 'never'.
src/store/notificationStore.ts(34,42): error TS2339: Property 'is_read' does not exist on type 'never'.
src/store/notificationStore.ts(43,15): error TS2345: Argument of type '{ is_read: boolean; }' is not assignable to parameter of type 'never'.
src/store/notificationStore.ts(57,15): error TS2345: Argument of type '{ is_read: boolean; }' is not assignable to parameter of type 'never'.
